---
source: integration/basic_cluster.rs
expression: json
---
[
  {
    "results": {
      "columns": [
        "x"
      ],
      "rows": [
        [
          123
        ]
      ]
    }
  }
]
