---
source: integration/basic_cluster/simple.rs
expression: json
---
[
  {
    "results": {
      "columns": [],
      "rows": []
    }
  },
  {
    "results": {
      "columns": [],
      "rows": []
    }
  }
]
