---
source: testing/end-to-end/integration/basic_cluster/simple.rs
expression: "resp.json::<serde_json::Value>().await.unwrap()"
---
[
  {
    "results": {
      "columns": [
        "x"
      ],
      "rows": []
    }
  }
]
